redis: 2026/09/24 20:31:33 pool.go:762: redis: connection pool: failed to dial after 5 attempts: dial tcp [::1]:6379: connectex: No se puede establecer una conexión ya que el equipo de destino denegó expresamente dicha conexión.
redis: 2026/09/24 20:31:33 pool.go:762: redis: connection pool: failed to dial after 5 attempts: dial tcp [::1]:6379: connectex: No se puede establecer una conexión ya que el equipo de destino denegó expresamente dicha conexión.
redis: 2026/09/24 20:31:33 pool.go:762: redis: connection pool: failed to dial after 5 attempts: dial tcp [::1]:6379: connectex: No se puede establecer una conexión ya que el equipo de destino denegó expresamente dicha conexión.
redis: 2026/09/24 20:31:34 pool.go:762: redis: connection pool: failed to dial after 5 attempts: dial tcp [::1]:6379: connectex: No se puede establecer una conexión ya que el equipo de destino denegó expresamente dicha conexión.
2026/09/24 20:31:34 [REDIS] No se pudo conectar a Redis en localhost:6379 (dial tcp [::1]:6379: connectex: No se puede establecer una conexión ya que el equipo de destino denegó expresamente dicha conexión.). Modo fallback a BD activo.
2026/09/24 20:31:34 [DashRefCon] cliente configurado ipclient=190.12.79.99 establecimientoDestino=7634 limite=11
2026/09/24 20:31:34 [RefConReports] cliente configurado baseURL=https://refcon.minsa.gob.pe/refconv02
[GIN-debug] [WARNING] Running in "debug" mode. Switch to "release" mode in production.
 - using env:	export GIN_MODE=release
 - using code:	gin.SetMode(gin.ReleaseMode)

[GIN-debug] POST   /api/v1/auth/login        --> github.com/galenos-pro/appointments-api/internal/adapters/input/http.(*AuthHandler).Login-fm (4 handlers)
[GIN-debug] GET    /api/v1/auth/menus        --> github.com/galenos-pro/appointments-api/internal/adapters/input/http.(*AuthHandler).GetMenus-fm (5 handlers)
[GIN-debug] GET    /api/v1/auth/perfil       --> github.com/galenos-pro/appointments-api/internal/adapters/input/http.(*AuthHandler).GetPerfil-fm (5 handlers)
[GIN-debug] GET    /api/v1/pacientes         --> github.com/galenos-pro/appointments-api/internal/adapters/input/http.(*PatientHandler).List-fm (5 handlers)
[GIN-debug] POST   /api/v1/pacientes         --> github.com/galenos-pro/appointments-api/internal/adapters/input/http.(*PatientHandler).Create-fm (5 handlers)
[GIN-debug] GET    /api/v1/pacientes/buscar  --> github.com/galenos-pro/appointments-api/internal/adapters/input/http.(*PatientHandler).Search-fm (5 handlers)
[GIN-debug] GET    /api/v1/pacientes/por-documento --> github.com/galenos-pro/appointments-api/internal/adapters/input/http.(*PatientHandler).GetByDocumentAndType-fm (5 handlers)
[GIN-debug] GET    /api/v1/pacientes/:idOrDoc/datos-adicionales --> github.com/galenos-pro/appointments-api/internal/adapters/input/http.(*PatientHandler).GetDatosAdicionales-fm (5 handlers)
[GIN-debug] PUT    /api/v1/pacientes/:idOrDoc/datos-adicionales --> github.com/galenos-pro/appointments-api/internal/adapters/input/http.(*PatientHandler).UpdateDatosAdicionales-fm (5 handlers)
[GIN-debug] GET    /api/v1/pacientes/:idOrDoc --> github.com/galenos-pro/appointments-api/internal/adapters/input/http.(*PatientHandler).Get-fm (5 handlers)
[GIN-debug] PUT    /api/v1/pacientes/:idOrDoc --> github.com/galenos-pro/appointments-api/internal/adapters/input/http.(*PatientHandler).Update-fm (5 handlers)
[GIN-debug] DELETE /api/v1/pacientes/:idOrDoc --> github.com/galenos-pro/appointments-api/internal/adapters/input/http.(*PatientHandler).Delete-fm (5 handlers)
[GIN-debug] POST   /api/v1/appointments      --> github.com/galenos-pro/appointments-api/internal/adapters/input/http.(*AppointmentHandler).Create-fm (5 handlers)
[GIN-debug] GET    /api/v1/appointments/:id  --> github.com/galenos-pro/appointments-api/internal/adapters/input/http.(*AppointmentHandler).GetByID-fm (5 handlers)
[GIN-debug] GET    /api/v1/etnias            --> github.com/galenos-pro/appointments-api/internal/adapters/input/http.(*CatalogHandler).ListEtnias-fm (4 handlers)
[GIN-debug] GET    /api/v1/idiomas           --> github.com/galenos-pro/appointments-api/internal/adapters/input/http.(*CatalogHandler).ListIdiomas-fm (4 handlers)
[GIN-debug] GET    /api/v1/tipos-sexo        --> github.com/galenos-pro/appointments-api/internal/adapters/input/http.(*CatalogHandler).ListTipoSexos-fm (4 handlers)
[GIN-debug] GET    /api/v1/estados-civil     --> github.com/galenos-pro/appointments-api/internal/adapters/input/http.(*CatalogHandler).ListEstadosCivil-fm (4 handlers)
[GIN-debug] GET    /api/v1/grados-instruccion --> github.com/galenos-pro/appointments-api/internal/adapters/input/http.(*CatalogHandler).ListGradosInstruccion-fm (4 handlers)
[GIN-debug] GET    /api/v1/ocupaciones       --> github.com/galenos-pro/appointments-api/internal/adapters/input/http.(*CatalogHandler).ListOcupaciones-fm (4 handlers)
[GIN-debug] GET    /api/v1/tipos-documentos  --> github.com/galenos-pro/appointments-api/internal/adapters/input/http.(*CatalogHandler).ListTiposDocumentos-fm (4 handlers)
[GIN-debug] GET    /api/v1/departamentos     --> github.com/galenos-pro/appointments-api/internal/adapters/input/http.(*CatalogHandler).ListDepartamentos-fm (4 handlers)
[GIN-debug] GET    /api/v1/provincias/:id    --> github.com/galenos-pro/appointments-api/internal/adapters/input/http.(*CatalogHandler).ListProvincias-fm (4 handlers)
[GIN-debug] GET    /api/v1/distritos/:id     --> github.com/galenos-pro/appointments-api/internal/adapters/input/http.(*CatalogHandler).ListDistritos-fm (4 handlers)
[GIN-debug] GET    /api/v1/centros-poblados/:id --> github.com/galenos-pro/appointments-api/internal/adapters/input/http.(*CatalogHandler).ListCentrosPoblados-fm (4 handlers)
[GIN-debug] GET    /api/v1/paises            --> github.com/galenos-pro/appointments-api/internal/adapters/input/http.(*CatalogHandler).ListPaises-fm (4 handlers)
[GIN-debug] GET    /api/v1/estados-llego-paciente --> github.com/galenos-pro/appointments-api/internal/adapters/input/http.(*CatalogHandler).ListEstadosLlegoPaciente-fm (4 handlers)
[GIN-debug] GET    /api/v1/fuentes-financiamiento --> github.com/galenos-pro/appointments-api/internal/adapters/input/http.(*CatalogHandler).ListFuentesFinanciamiento-fm (4 handlers)
[GIN-debug] GET    /api/v1/servicios/:idTipoServicio --> github.com/galenos-pro/appointments-api/internal/adapters/input/http.(*CatalogHandler).ListServicios-fm (4 handlers)
[GIN-debug] GET    /api/v1/datos-institucion --> github.com/galenos-pro/appointments-api/internal/adapters/input/http.(*CatalogHandler).GetDatosInstitucion-fm (4 handlers)
[GIN-debug] GET    /api/v1/especialidades    --> github.com/galenos-pro/appointments-api/internal/adapters/input/http.(*CatalogHandler).ListEspecialidades-fm (4 handlers)
[GIN-debug] GET    /api/v1/establecimientos  --> github.com/galenos-pro/appointments-api/internal/adapters/input/http.(*CatalogHandler).ListEstablecimientos-fm (4 handlers)
[GIN-debug] GET    /api/v1/especialidades-qx --> github.com/galenos-pro/appointments-api/internal/adapters/input/http.(*CatalogHandler).HandleListarEspecialidadesQx-fm (4 handlers)
[GIN-debug] GET    /api/v1/especialidades-departamento/:idDepartamento --> github.com/galenos-pro/appointments-api/internal/adapters/input/http.(*CatalogHandler).HandleListarEspecialidadesPorDepartamento-fm (4 handlers)
[GIN-debug] GET    /api/v1/servicios-prioridad/:idPrioridad --> github.com/galenos-pro/appointments-api/internal/adapters/input/http.(*CatalogHandler).HandleListarServiciosPorPrioridad-fm (4 handlers)
[GIN-debug] GET    /api/v1/servicios-prioridad/:idPrioridad/:fechaNac --> github.com/galenos-pro/appointments-api/internal/adapters/input/http.(*CatalogHandler).HandleListarServiciosPorPrioridad-fm (4 handlers)
[GIN-debug] GET    /api/v1/parametros/:idParametro --> github.com/galenos-pro/appointments-api/internal/adapters/input/http.(*CatalogHandler).GetParametro-fm (4 handlers)
[GIN-debug] GET    /api/v1/receta/frecuencias --> github.com/galenos-pro/appointments-api/internal/adapters/input/http.(*CatalogHandler).ListRecetaFrecuencias-fm (4 handlers)
[GIN-debug] GET    /api/v1/receta/unidades-dosis --> github.com/galenos-pro/appointments-api/internal/adapters/input/http.(*CatalogHandler).ListRecetaUnidadesDosis-fm (4 handlers)
[GIN-debug] GET    /api/v1/receta/vias-administracion --> github.com/galenos-pro/appointments-api/internal/adapters/input/http.(*CatalogHandler).ListRecetaViasAdministracion-fm (4 handlers)
[GIN-debug] GET    /api/v1/receta/medicamentos --> github.com/galenos-pro/appointments-api/internal/adapters/input/http.(*CatalogHandler).BuscarMedicamentosReceta-fm (4 handlers)
[GIN-debug] GET    /api/v1/catalogos/examenes --> github.com/galenos-pro/appointments-api/internal/adapters/input/http.(*CatalogHandler).BuscarExamenesCatalogo-fm (4 handlers)
[GIN-debug] GET    /api/v1/catalogos/parametros-clinicos/:idGrupo --> github.com/galenos-pro/appointments-api/internal/adapters/input/http.(*CatalogHandler).HandleListParametrosClinicos-fm (4 handlers)
[GIN-debug] GET    /api/v1/reniec/:nrodoc    --> github.com/galenos-pro/appointments-api/internal/adapters/input/http.(*ReniecHandler).Consultar-fm (4 handlers)
[GIN-debug] GET    /api/v1/sis/afiliado/:nrodoc --> github.com/galenos-pro/appointments-api/internal/adapters/input/http.(*SisHandler).ConsultarAfiliado-fm (4 handlers)
[GIN-debug] POST   /api/v1/sis/filiaciones   --> github.com/galenos-pro/appointments-api/internal/adapters/input/http.(*SisHandler).GestionarAfiliacion-fm (4 handlers)
[GIN-debug] POST   /api/v1/sis/fua           --> github.com/galenos-pro/appointments-api/internal/adapters/input/http.(*SisHandler).ForzarGuardadoFua-fm (4 handlers)
[GIN-debug] POST   /api/v1/sis/fua/agregar   --> github.com/galenos-pro/appointments-api/internal/adapters/input/http.(*SisHandler).AgregarFua-fm (4 handlers)
[GIN-debug] GET    /api/v1/sis/fua/imprimir  --> github.com/galenos-pro/appointments-api/internal/adapters/input/http.(*SisHandler).GetFuaImprimir-fm (4 handlers)
[GIN-debug] GET    /api/v1/sis/diagnosticos  --> github.com/galenos-pro/appointments-api/internal/adapters/input/http.(*SisHandler).ListDiagnosticos-fm (4 handlers)
[GIN-debug] GET    /api/v1/sis/medicamentos  --> github.com/galenos-pro/appointments-api/internal/adapters/input/http.(*SisHandler).ListMedicamentos-fm (4 handlers)
[GIN-debug] GET    /api/v1/sis/procedimientos --> github.com/galenos-pro/appointments-api/internal/adapters/input/http.(*SisHandler).ListProcedimientos-fm (4 handlers)
[GIN-debug] GET    /api/v1/sis/consumo       --> github.com/galenos-pro/appointments-api/internal/adapters/input/http.(*SisHandler).ListConsumo-fm (4 handlers)
[GIN-debug] POST   /api/v1/firmaperu/firmar  --> github.com/galenos-pro/appointments-api/internal/adapters/input/http.(*FirmaPeruHandler).Firmar-fm (4 handlers)
[GIN-debug] POST   /api/v1/firmaperu/lote    --> github.com/galenos-pro/appointments-api/internal/adapters/input/http.(*FirmaPeruHandler).FirmarLote-fm (4 handlers)
[GIN-debug] POST   /api/v1/firmaperu/params/:uuid --> github.com/galenos-pro/appointments-api/internal/adapters/input/http.(*FirmaPeruHandler).ParametrosFirma-fm (4 handlers)
[GIN-debug] GET    /api/v1/firmaperu/estampado.png --> github.com/galenos-pro/appointments-api/internal/adapters/input/http.(*FirmaPeruHandler).Estampado-fm (4 handlers)
[GIN-debug] GET    /api/v1/firmaperu/estampado/:uuid --> github.com/galenos-pro/appointments-api/internal/adapters/input/http.(*FirmaPeruHandler).EstampadoUuid-fm (4 handlers)
[GIN-debug] GET    /api/v1/firmaperu/documentos/:uuid --> github.com/galenos-pro/appointments-api/internal/adapters/input/http.(*FirmaPeruHandler).DescargarDocumento-fm (4 handlers)
[GIN-debug] POST   /api/v1/firmaperu/documentos/:uuid --> github.com/galenos-pro/appointments-api/internal/adapters/input/http.(*FirmaPeruHandler).RecibirDocumentoFirmado-fm (4 handlers)
[GIN-debug] GET    /api/v1/firmaperu/documentos/:uuid/firmado --> github.com/galenos-pro/appointments-api/internal/adapters/input/http.(*FirmaPeruHandler).DescargarDocumentoFirmado-fm (4 handlers)
[GIN-debug] GET    /api/v1/firmaperu/documentos/:uuid/lote --> github.com/galenos-pro/appointments-api/internal/adapters/input/http.(*FirmaPeruHandler).DescargarLoteDocumentos-fm (4 handlers)
[GIN-debug] POST   /api/v1/firmaperu/documentos/:uuid/lote --> github.com/galenos-pro/appointments-api/internal/adapters/input/http.(*FirmaPeruHandler).RecibirLoteFirmado-fm (4 handlers)
[GIN-debug] GET    /api/v1/firmaperu/documentos/:uuid/lote/firmado --> github.com/galenos-pro/appointments-api/internal/adapters/input/http.(*FirmaPeruHandler).DescargarLoteFirmado-fm (4 handlers)
[GIN-debug] GET    /api/v1/triaje            --> github.com/galenos-pro/appointments-api/internal/adapters/input/http.(*TriageHandler).List-fm (4 handlers)
[GIN-debug] GET    /api/v1/triaje/pendientes-admision --> github.com/galenos-pro/appointments-api/internal/adapters/input/http.(*TriageHandler).ListPendingAdmission-fm (4 handlers)
[GIN-debug] GET    /api/v1/triaje/reporte    --> github.com/galenos-pro/appointments-api/internal/adapters/input/http.(*TriageHandler).GetReporte-fm (4 handlers)
[GIN-debug] GET    /api/v1/triaje/ficha-admision --> github.com/galenos-pro/appointments-api/internal/adapters/input/http.(*TriageHandler).GetFichaAdmision-fm (4 handlers)
[GIN-debug] GET    /api/v1/triaje/:id        --> github.com/galenos-pro/appointments-api/internal/adapters/input/http.(*TriageHandler).GetTriajePorId-fm (4 handlers)
[GIN-debug] GET    /api/v1/triaje/medicos/:IdEspecialidad --> github.com/galenos-pro/appointments-api/internal/adapters/input/http.(*TriageHandler).ListMedicosPorEspecialidad-fm (4 handlers)
[GIN-debug] GET    /api/v1/triaje/consulta   --> github.com/galenos-pro/appointments-api/internal/adapters/input/http.(*TriageHandler).ListTriajeConsulta-fm (4 handlers)
[GIN-debug] GET    /api/v1/triaje/consulta/atencion/:idAtencion --> github.com/galenos-pro/appointments-api/internal/adapters/input/http.(*TriageHandler).GetTriajeConsultaPorAtencion-fm (4 handlers)
[GIN-debug] PUT    /api/v1/triaje/consulta/:id/estado --> github.com/galenos-pro/appointments-api/internal/adapters/input/http.(*TriageHandler).UpdateEstadoTriajeConsulta-fm (4 handlers)
[GIN-debug] PUT    /api/v1/triaje/:id        --> github.com/galenos-pro/appointments-api/internal/adapters/input/http.(*TriageHandler).UpdateTriaje-fm (4 handlers)
[GIN-debug] POST   /api/v1/triaje            --> github.com/galenos-pro/appointments-api/internal/adapters/input/http.(*TriageHandler).Create-fm (4 handlers)
[GIN-debug] POST   /api/v1/triaje/consulta   --> github.com/galenos-pro/appointments-api/internal/adapters/input/http.(*TriageHandler).CreateTriajeConsulta-fm (4 handlers)
[GIN-debug] POST   /api/v1/triaje/admision   --> github.com/galenos-pro/appointments-api/internal/adapters/input/http.(*TriageHandler).CreateAdmission-fm (4 handlers)
[GIN-debug] GET    /api/v1/triaje/reporte-por-empleado --> github.com/galenos-pro/appointments-api/internal/adapters/input/http.(*TriageHandler).GetReporteTriaje-fm (4 handlers)
[GIN-debug] GET    /api/v1/triaje/referencias --> github.com/galenos-pro/appointments-api/internal/adapters/input/http.(*TriageHandler).ListReferenciasConsultaExterna-fm (4 handlers)
[GIN-debug] GET    /api/v1/triaje/referencias/:idAtencion --> github.com/galenos-pro/appointments-api/internal/adapters/input/http.(*TriageHandler).ListarDatosReferencia-fm (4 handlers)
[GIN-debug] GET    /api/v1/triaje/referencias-cabecera/:idCuentaAtencion --> github.com/galenos-pro/appointments-api/internal/adapters/input/http.(*TriageHandler).WebReferenciaJSONCab-fm (4 handlers)
[GIN-debug] GET    /api/v1/triaje/referencias-detalle/:idCuentaAtencion --> github.com/galenos-pro/appointments-api/internal/adapters/input/http.(*TriageHandler).WebReferenciaJSONDet-fm (4 handlers)
[GIN-debug] GET    /api/v1/triaje/referencias-tratamiento/:idCuentaAtencion --> github.com/galenos-pro/appointments-api/internal/adapters/input/http.(*TriageHandler).WebTratamientoReferenciaJSON-fm (4 handlers)
[GIN-debug] GET    /api/v1/triaje/referencias-cpt/:idCuentaAtencion --> github.com/galenos-pro/appointments-api/internal/adapters/input/http.(*TriageHandler).WebCPTReferenciaJSON-fm (4 handlers)
[GIN-debug] GET    /api/v1/triaje/causas-externas-morbilidad --> github.com/galenos-pro/appointments-api/internal/adapters/input/http.(*CausaExternaMorbilidadHandler).HandleListar-fm (4 handlers)
[GIN-debug] POST   /api/v1/evoluciones       --> github.com/galenos-pro/appointments-api/internal/adapters/input/http.(*EvolucionHandler).HandleCreateEvolucion-fm (5 handlers)
[GIN-debug] GET    /api/v1/evoluciones/pacientes --> github.com/galenos-pro/appointments-api/internal/adapters/input/http.(*EvolucionHandler).HandleListPatients-fm (5 handlers)
[GIN-debug] GET    /api/v1/evoluciones/paciente/:pacienteId --> github.com/galenos-pro/appointments-api/internal/adapters/input/http.(*EvolucionHandler).HandleListEvoluciones-fm (5 handlers)
[GIN-debug] GET    /api/v1/evoluciones/bandeja --> github.com/galenos-pro/appointments-api/internal/adapters/input/http.(*EvolucionHandler).HandleBandeja-fm (5 handlers)
[GIN-debug] POST   /api/v1/evoluciones/registro --> github.com/galenos-pro/appointments-api/internal/adapters/input/http.(*EvolucionHandler).HandleInsertEvolucionMedica-fm (5 handlers)
[GIN-debug] GET    /api/v1/evoluciones/:idRegAtencion/motivos --> github.com/galenos-pro/appointments-api/internal/adapters/input/http.(*MotivoHandler).HandleListMotivos-fm (5 handlers)
[GIN-debug] POST   /api/v1/evoluciones/:idRegAtencion/motivos --> github.com/galenos-pro/appointments-api/internal/adapters/input/http.(*MotivoHandler).HandleCreateMotivo-fm (5 handlers)
[GIN-debug] GET    /api/v1/evoluciones/:idRegAtencion/sintomas --> github.com/galenos-pro/appointments-api/internal/adapters/input/http.(*SintomaHandler).HandleObtenerAtencionSintomas-fm (5 handlers)
[GIN-debug] POST   /api/v1/evoluciones/:idRegAtencion/sintomas --> github.com/galenos-pro/appointments-api/internal/adapters/input/http.(*SintomaHandler).HandleGuardarSintomas-fm (5 handlers)
[GIN-debug] GET    /api/v1/ordenes/cuenta/:idCuentaAtencion --> github.com/galenos-pro/appointments-api/internal/adapters/input/http.(*OrdenHandler).HandleListOrdenes-fm (5 handlers)
[GIN-debug] POST   /api/v1/ordenes           --> github.com/galenos-pro/appointments-api/internal/adapters/input/http.(*OrdenHandler).HandleCreateOrden-fm (5 handlers)
[GIN-debug] GET    /api/v1/ordenes/productos --> github.com/galenos-pro/appointments-api/internal/adapters/input/http.(*OrdenHandler).HandleBuscarProductos-fm (5 handlers)
[GIN-debug] GET    /api/v1/resultados/laboratorio/paciente/:idPaciente --> github.com/galenos-pro/appointments-api/internal/adapters/input/http.(*ResultadoHandler).HandleListResultadosLaboratorio-fm (5 handlers)
[GIN-debug] GET    /api/v1/resultados/laboratorio/detalle --> github.com/galenos-pro/appointments-api/internal/adapters/input/http.(*ResultadoHandler).HandleObtenerDetalleLaboratorio-fm (5 handlers)
[GIN-debug] GET    /api/v1/resultados/imagenes/paciente/:idPaciente --> github.com/galenos-pro/appointments-api/internal/adapters/input/http.(*ResultadoHandler).HandleListResultadosImagenes-fm (5 handlers)
[GIN-debug] GET    /api/v1/resultados/imagenes/detalle --> github.com/galenos-pro/appointments-api/internal/adapters/input/http.(*ResultadoHandler).HandleObtenerDetalleImagen-fm (5 handlers)
[GIN-debug] GET    /api/v1/interconsultas/especialidades --> github.com/galenos-pro/appointments-api/internal/adapters/input/http.(*InterconsultaHandler).HandleListarEspecialidades-fm (5 handlers)
[GIN-debug] GET    /api/v1/interconsultas/medicos/:IdEspecialidad --> github.com/galenos-pro/appointments-api/internal/adapters/input/http.(*InterconsultaHandler).HandleListarMedicosPorEspecialidad-fm (5 handlers)
[GIN-debug] GET    /api/v1/interconsultas/:id --> github.com/galenos-pro/appointments-api/internal/adapters/input/http.(*InterconsultaHandler).HandleObtenerPorId-fm (5 handlers)
[GIN-debug] GET    /api/v1/interconsultas/servicio/:tipoServicio --> github.com/galenos-pro/appointments-api/internal/adapters/input/http.(*InterconsultaHandler).HandleListarPorServicio-fm (5 handlers)
[GIN-debug] GET    /api/v1/interconsultas/atencion/:idAtencion --> github.com/galenos-pro/appointments-api/internal/adapters/input/http.(*InterconsultaHandler).HandleListarPorAtencion-fm (5 handlers)
[GIN-debug] POST   /api/v1/interconsultas    --> github.com/galenos-pro/appointments-api/internal/adapters/input/http.(*InterconsultaHandler).HandleCrear-fm (5 handlers)
[GIN-debug] PUT    /api/v1/interconsultas/:id/estado --> github.com/galenos-pro/appointments-api/internal/adapters/input/http.(*InterconsultaHandler).HandleActualizarEstado-fm (5 handlers)
[GIN-debug] POST   /api/v1/interconsultas/:id/firma --> github.com/galenos-pro/appointments-api/internal/adapters/input/http.(*InterconsultaHandler).HandleGuardarFirma-fm (5 handlers)
[GIN-debug] GET    /api/v1/sintomas/catalogo --> github.com/galenos-pro/appointments-api/internal/adapters/input/http.(*SintomaHandler).HandleListarCatalogo-fm (5 handlers)
[GIN-debug] POST   /api/v1/sintomas/catalogo --> github.com/galenos-pro/appointments-api/internal/adapters/input/http.(*SintomaHandler).HandleAgregarCatalogo-fm (5 handlers)
[GIN-debug] GET    /api/v1/diagnosticos/search --> github.com/galenos-pro/appointments-api/internal/adapters/input/http.(*DiagnosticoHandler).SearchDiagnosticos-fm (4 handlers)
[GIN-debug] GET    /api/v1/diagnosticos/listar --> github.com/galenos-pro/appointments-api/internal/adapters/input/http.(*DiagnosticoHandler).HandleListarDiagnosticos-fm (4 handlers)
[GIN-debug] GET    /api/v1/diagnosticos/atencion/:idAtencion --> github.com/galenos-pro/appointments-api/internal/adapters/input/http.(*DiagnosticoHandler).HandleObtenerDiagnosticosAtencion-fm (4 handlers)
[GIN-debug] POST   /api/v1/diagnosticos/atencion --> github.com/galenos-pro/appointments-api/internal/adapters/input/http.(*DiagnosticoHandler).HandleAgregarDiagnosticoAtencion-fm (5 handlers)
[GIN-debug] GET    /api/v1/lista-espera-qx   --> github.com/galenos-pro/appointments-api/internal/adapters/input/http.(*ListaEsperaQxHandler).HandleListar-fm (5 handlers)
[GIN-debug] GET    /api/v1/lista-espera-qx/reporte --> github.com/galenos-pro/appointments-api/internal/adapters/input/http.(*ListaEsperaQxHandler).HandleReporte-fm (5 handlers)
[GIN-debug] GET    /api/v1/lista-espera-qx/:id --> github.com/galenos-pro/appointments-api/internal/adapters/input/http.(*ListaEsperaQxHandler).HandleObtenerPorId-fm (5 handlers)
[GIN-debug] POST   /api/v1/lista-espera-qx   --> github.com/galenos-pro/appointments-api/internal/adapters/input/http.(*ListaEsperaQxHandler).HandleCrear-fm (5 handlers)
[GIN-debug] PUT    /api/v1/lista-espera-qx/:id --> github.com/galenos-pro/appointments-api/internal/adapters/input/http.(*ListaEsperaQxHandler).HandleModificar-fm (5 handlers)
[GIN-debug] GET    /api/v1/medicos-lista-espera --> github.com/galenos-pro/appointments-api/internal/adapters/input/http.(*MedicoListaEsperaHandler).HandleListar-fm (4 handlers)
[GIN-debug] GET    /api/v1/dashrefcon/referencias --> github.com/galenos-pro/appointments-api/internal/refcon/adapters/input/http.(*RefConHandler).HandleListarReferencias-fm (5 handlers)
[GIN-debug] GET    /api/v1/dashrefcon/ups    --> github.com/galenos-pro/appointments-api/internal/refcon/adapters/input/http.(*RefConHandler).HandleListarUps-fm (5 handlers)
[GIN-debug] GET    /api/v1/dashrefcon/upss/:codigoRenipress --> github.com/galenos-pro/appointments-api/internal/refcon/adapters/input/http.(*RefConHandler).HandleListadoUpss-fm (5 handlers)
[GIN-debug] GET    /api/v1/dashrefcon/especialidades-minsa --> github.com/galenos-pro/appointments-api/internal/refcon/adapters/input/http.(*RefConHandler).HandleListadoEspecialidades-fm (5 handlers)
[GIN-debug] GET    /api/v1/dashrefcon/consulta-referencia-detalle --> github.com/galenos-pro/appointments-api/internal/refcon/adapters/input/http.(*RefConHandler).HandleConsultarReferenciaDetalle-fm (5 handlers)
[GIN-debug] POST   /api/v1/dashrefcon/enviar-referencia --> github.com/galenos-pro/appointments-api/internal/refcon/adapters/input/http.(*RefConHandler).HandleSaveReferencia-fm (5 handlers)
[GIN-debug] GET    /api/v1/refcon/ups        --> github.com/galenos-pro/appointments-api/internal/refcon/adapters/input/http.(*RefConHandler).HandleListarTodasLasUps-fm (4 handlers)
[GIN-debug] GET    /api/v1/refcon/establecimientos --> github.com/galenos-pro/appointments-api/internal/refcon/adapters/input/http.(*RefConHandler).HandleListarEstablecimientos-fm (4 handlers)
[GIN-debug] GET    /api/v1/refcon/distritos-reniec/:idReniec --> github.com/galenos-pro/appointments-api/internal/refcon/adapters/input/http.(*RefConHandler).HandleListarDistritosPorIdReniec-fm (4 handlers)
[GIN-debug] POST   /api/v1/refcon/hoja-referencia --> github.com/galenos-pro/appointments-api/internal/refcon/adapters/input/http.(*RefConHandler).HandleGenerarHojaReferencia-fm (4 handlers)
[GIN-debug] POST   /api/v1/auditoria         --> github.com/galenos-pro/appointments-api/internal/adapters/input/http.(*AuditoriaHandler).HandleRegistrar-fm (5 handlers)
[GIN-debug] GET    /health                   --> github.com/galenos-pro/appointments-api/internal/adapters/input/http.NewRouter.func2 (4 handlers)
[GIN-debug] GET    /swagger/*any             --> github.com/swaggo/gin-swagger.CustomWrapHandler.func1 (4 handlers)
2026/09/24 20:31:34 listening on http://172.16.0.250:8080 (swagger: http://172.16.0.250:8080/swagger/index.html)
2026/09/24 20:31:34 listening on :8080
[GIN] 2026/09/24 - 20:31:40 | 200 |   1.98ms |             ::1 | GET      "/api/v1/departamentos"
2026/09/24 20:32:49 shutdown signal received
^C